Godot Engine v4.7.2.stable.official.ed1daf0bf - https://godotengine.org

[   0% ] [90m[1mfirst_scan_filesystem[22m | Started Project initialization (5 steps)[39m[0m
[   0% ] [90m[1mfirst_scan_filesystem[22m | Scanning file structure...[39m[0m
[  16% ] [90m[1mfirst_scan_filesystem[22m | Loading global class names...[39m[0m
[  33% ] [90m[1mfirst_scan_filesystem[22m | Verifying GDExtensions...[39m[0m
[  50% ] [90m[1mfirst_scan_filesystem[22m | Creating autoload scripts...[39m[0m
[  66% ] [90m[1mfirst_scan_filesystem[22m | Initializing plugins...[39m[0m
[  83% ] [90m[1mfirst_scan_filesystem[22m | Starting file scan...[39m[0m
[92m[ DONE ][39m [1mfirst_scan_filesystem[22m
[0m
[   0% ] [90m[1mupdate_scripts_classes[22m | Started Registering global classes... (49 steps)[39m[0m
[   0% ] [90m[1mupdate_scripts_classes[22m | AgentCamera[39m[0m
[   2% ] [90m[1mupdate_scripts_classes[22m | [39m[0m
[   4% ] [90m[1mupdate_scripts_classes[22m | [39m[0m
[   6% ] [90m[1mupdate_scripts_classes[22m | BikeVisual[39m[0m
[   8% ] [90m[1mupdate_scripts_classes[22m | [39m[0m
[  10% ] [90m[1mupdate_scripts_classes[22m | [39m[0m
[  12% ] [90m[1mupdate_scripts_classes[22m | MotorcycleAudio[39m[0m
[  14% ] [90m[1mupdate_scripts_classes[22m | TrackHorizon[39m[0m
[  16% ] [90m[1mupdate_scripts_classes[22m | RaceHUD[39m[0m
[  18% ] [90m[1mupdate_scripts_classes[22m | TrackLandmarks[39m[0m
[  20% ] [90m[1mupdate_scripts_classes[22m | LidarHeightAtlas[39m[0m
[  22% ] [90m[1mupdate_scripts_classes[22m | LidarHeightSurface[39m[0m
[  24% ] [90m[1mupdate_scripts_classes[22m | [39m[0m
[  26% ] [90m[1mupdate_scripts_classes[22m | MotorcycleSim[39m[0m
[  28% ] [90m[1mupdate_scripts_classes[22m | OffroadSurface[39m[0m
[  30% ] [90m[1mupdate_scripts_classes[22m | [39m[0m
[  32% ] [90m[1mupdate_scripts_classes[22m | RaceReplay[39m[0m
[  34% ] [90m[1mupdate_scripts_classes[22m | RoadSurface[39m[0m
[  36% ] [90m[1mupdate_scripts_classes[22m | TrackScenery[39m[0m
[  38% ] [90m[1mupdate_scripts_classes[22m | SurfaceContact[39m[0m
[  40% ] [90m[1mupdate_scripts_classes[22m | ThunderhillTrack[39m[0m
[  42% ] [90m[1mupdate_scripts_classes[22m | [39m[0m
[  44% ] [90m[1mupdate_scripts_classes[22m | [39m[0m
[  46% ] [90m[1mupdate_scripts_classes[22m | [39m[0m
[  48% ] [90m[1mupdate_scripts_classes[22m | [39m[0m
[  50% ] [90m[1mupdate_scripts_classes[22m | [39m[0m
[  52% ] [90m[1mupdate_scripts_classes[22m | [39m[0m
[  54% ] [90m[1mupdate_scripts_classes[22m | [39m[0m
[  56% ] [90m[1mupdate_scripts_classes[22m | [39m[0m
[  58% ] [90m[1mupdate_scripts_classes[22m | [39m[0m
[  60% ] [90m[1mupdate_scripts_classes[22m | [39m[0m
[  62% ] [90m[1mupdate_scripts_classes[22m | [39m[0m
[  64% ] [90m[1mupdate_scripts_classes[22m | [39m[0m
[  66% ] [90m[1mupdate_scripts_classes[22m | [39m[0m
[  68% ] [90m[1mupdate_scripts_classes[22m | [39m[0m
[  70% ] [90m[1mupdate_scripts_classes[22m | [39m[0m
[  72% ] [90m[1mupdate_scripts_classes[22m | [39m[0m
[  74% ] [90m[1mupdate_scripts_classes[22m | [39m[0m
[  76% ] [90m[1mupdate_scripts_classes[22m | [39m[0m
[  78% ] [90m[1mupdate_scripts_classes[22m | [39m[0m
[  80% ] [90m[1mupdate_scripts_classes[22m | [39m[0m
[  82% ] [90m[1mupdate_scripts_classes[22m | [39m[0m
[  84% ] [90m[1mupdate_scripts_classes[22m | [39m[0m
[  86% ] [90m[1mupdate_scripts_classes[22m | [39m[0m
[  88% ] [90m[1mupdate_scripts_classes[22m | [39m[0m
[  90% ] [90m[1mupdate_scripts_classes[22m | [39m[0m
[  92% ] [90m[1mupdate_scripts_classes[22m | [39m[0m
[  94% ] [90m[1mupdate_scripts_classes[22m | [39m[0m
[  96% ] [90m[1mupdate_scripts_classes[22m | [39m[0m
[92m[ DONE ][39m [1mupdate_scripts_classes[22m
[0m
[   0% ] [90m[1m_update_scan_actions[22m | Started Scanning actions... (13 steps)[39m[0m
[   0% ] [90m[1m_update_scan_actions[22m | dry_grass_rgba.png[39m[0m
[   7% ] [90m[1m_update_scan_actions[22m | Asphalt010_1K-JPG_Color.jpg[39m[0m
[  14% ] [90m[1m_update_scan_actions[22m | Asphalt010_1K-JPG_NormalGL.jpg[39m[0m
[  21% ] [90m[1m_update_scan_actions[22m | Asphalt010_1K-JPG_Roughness.jpg[39m[0m
[  28% ] [90m[1m_update_scan_actions[22m | brown_mud_dry_diff_1k.jpg[39m[0m
[  35% ] [90m[1m_update_scan_actions[22m | brown_mud_dry_nor_gl_1k.jpg[39m[0m
[  42% ] [90m[1m_update_scan_actions[22m | brown_mud_dry_rough_1k.jpg[39m[0m
[  50% ] [90m[1m_update_scan_actions[22m | terrain_macro.png[39m[0m
[  57% ] [90m[1m_update_scan_actions[22m | withered_grass_diff_1k.jpg[39m[0m
[  64% ] [90m[1m_update_scan_actions[22m | withered_grass_nor_gl_1k.jpg[39m[0m
[  71% ] [90m[1m_update_scan_actions[22m | withered_grass_rough_1k.jpg[39m[0m
[  78% ] [90m[1m_update_scan_actions[22m | kloofendal_2k.hdr[39m[0m
[  85% ] [90m[1m_update_scan_actions[22m | icon.svg[39m[0m
[92m[ DONE ][39m [1m_update_scan_actions[22m
[0m
[   0% ] [90m[1mreimport[22m | Started (Re)Importing Assets (13 steps)[39m[0m
[   0% ] [90m[1mreimport[22m | Preparing files to reimport...[39m[0m
[   7% ] [90m[1mreimport[22m | Preparing files to reimport...[39m[0m
[  14% ] [90m[1mreimport[22m | Preparing files to reimport...[39m[0m
[  21% ] [90m[1mreimport[22m | Preparing files to reimport...[39m[0m
[  28% ] [90m[1mreimport[22m | Preparing files to reimport...[39m[0m
[  35% ] [90m[1mreimport[22m | Preparing files to reimport...[39m[0m
[  42% ] [90m[1mreimport[22m | Preparing files to reimport...[39m[0m
[  50% ] [90m[1mreimport[22m | Preparing files to reimport...[39m[0m
[  57% ] [90m[1mreimport[22m | Preparing files to reimport...[39m[0m
[  64% ] [90m[1mreimport[22m | Preparing files to reimport...[39m[0m
[  71% ] [90m[1mreimport[22m | Preparing files to reimport...[39m[0m
[  78% ] [90m[1mreimport[22m | Preparing files to reimport...[39m[0m
[  85% ] [90m[1mreimport[22m | Preparing files to reimport...[39m[0m
[   0% ] [90m[1mreimport[22m | Executing pre-reimport operations...[39m[0m
[   0% ] [90m[1mreimport[22m | dry_grass_rgba.png[39m[0m
[   7% ] [90m[1mreimport[22m | Asphalt010_1K-JPG_Color.jpg[39m[0m
[  14% ] [90m[1mreimport[22m | Asphalt010_1K-JPG_NormalGL.jpg[39m[0m
[  21% ] [90m[1mreimport[22m | Asphalt010_1K-JPG_Roughness.jpg[39m[0m
[  28% ] [90m[1mreimport[22m | brown_mud_dry_diff_1k.jpg[39m[0m
[  35% ] [90m[1mreimport[22m | brown_mud_dry_nor_gl_1k.jpg[39m[0m
[  42% ] [90m[1mreimport[22m | brown_mud_dry_rough_1k.jpg[39m[0m
[  50% ] [90m[1mreimport[22m | terrain_macro.png[39m[0m
[  57% ] [90m[1mreimport[22m | withered_grass_diff_1k.jpg[39m[0m
[  64% ] [90m[1mreimport[22m | withered_grass_nor_gl_1k.jpg[39m[0m
[  71% ] [90m[1mreimport[22m | withered_grass_rough_1k.jpg[39m[0m
[  78% ] [90m[1mreimport[22m | kloofendal_2k.hdr[39m[0m
[  85% ] [90m[1mreimport[22m | icon.svg[39m[0m
[  92% ] [90m[1mreimport[22m | Finalizing Asset Import...[39m[0m
[92m[ DONE ][39m [1mreimport[22m
[0m
[   0% ] [90m[1mreimport[22m | Started (Re)Importing Assets (13 steps)[39m[0m
[   0% ] [90m[1mreimport[22m | Executing post-reimport operations...[39m[0m
[92m[ DONE ][39m [1mreimport[22m
[0m
[   0% ] [90m[1mloading_editor_layout[22m | Started Loading editor (5 steps)[39m[0m
[   0% ] [90m[1mloading_editor_layout[22m | Loading editor layout...[39m[0m
[  16% ] [90m[1mloading_editor_layout[22m | Loading docks...[39m[0m
[92m[ DONE ][39m [1mloading_editor_layout[22m
[0m
